// Jest Snapshot v1, https://goo.gl/fbAQLP

exports[`Message history it renders no message history correctly with historical data missing warning 1`] = `
.c0 {
  min-width: 0;
  box-sizing: border-box;
}

.c4 {
  min-width: 100%;
  border-bottom: 1px solid #94959880;
  border-collapse: collapse;
}

.c6 {
  height: 4.5rem;
  border-top: 1px solid #94959880;
}

.c8 {
  color: #949598;
  font-size: 1.25rem;
  font-weight: 400;
  text-align: left;
  white-space: nowrap;
  padding-right: 3rem;
}

.c8:last-child {
  padding-right: 0;
}

.c5 {
  line-height: 1.5em;
  text-align: left;
  caption-side: bottom;
  padding: 1em;
  margin: 0.5em 0;
  color: #949598;
}

.c5.error {
  background: #FC6D6F;
  color: #660000;
  border-radius: 4px;
}

.c1 {
  color: var(--purple-medium);
}

.c2 {
  padding: 1.5em;
  border-radius: 8px;
  overflow: hidden;
  text-align: center;
  word-break: break-word;
}

.c2 > *:first-child {
  margin-top: 0;
}

.c2 > *:last-child {
  margin-bottom: 0;
}

.c2 > svg:first-child {
  display: block;
  margin: 0 auto 1em;
}

.c2 > h2:first-child {
  margin: 0;
}

.c2 header:first-child {
  margin: -1.5em -1.5em 1.5em -1.5em;
  padding: 1.5em;
  background-color: var(--purple-medium);
  color: var(--white);
}

.c3 {
  background-color: var(--yellow-light);
  color: var(--yellow-dark);
}

.c3 hr {
  border-color: var(--yellow-dark);
}

@media (max-width:1600px) {
  table.narrow .c7 {
    padding-right: 1.5rem;
  }
}

@media (max-width:1400px) {
  table.narrow .c7 {
    padding-right: 1rem;
  }
}

<div>
  <div
    class="c0"
  >
    <h2
      class="c1"
    >
      Transaction History
    </h2>
    <div
      class="c2 c3"
    >
      <svg
        fill="none"
        height="20px"
        viewBox="0 0 22 20"
        width="22px"
        xmlns="http://www.w3.org/2000/svg"
      >
        <path
          d="M11 7.74982V9.99986M11 14.4999H11.0112M3.24282 19H18.7572C20.4815 19 21.5586 17.1246 20.6965 15.6249L12.9393 2.12474C12.0771 0.625088 9.92286 0.625088 9.0607 2.12474L1.30352 15.6249C0.441363 17.1246 1.5185 19 3.24282 19Z"
          stroke="var(--yellow-dark)"
          stroke-linecap="round"
          stroke-linejoin="round"
          stroke-width="2"
        />
      </svg>
      <h3>
        Sync in Progress
      </h3>
      <p>
        Our servers are syncing transactions from Filecoin Mainnet. We're currently 
        99
        % synced.
      </p>
      <p>
        We expect to be done 
        in 10 days
      </p>
    </div>
    <br />
    <table
      class="c4 narrow"
    >
      <caption
        class="c5"
      >
        No records found for Transaction History
      </caption>
      <thead>
        <tr
          class="c6"
        >
          <th
            class="c7 c8"
          >
            CID
          </th>
          <th
            class="c7 c8"
          >
            Method
          </th>
          <th
            class="c7 c8"
          >
            Height
          </th>
          <th
            class="c7 c8"
          >
            Age
          </th>
          <th
            class="c7 c8"
          >
            From
          </th>
          <th
            class="c7 c8"
          />
          <th
            class="c7 c8"
          >
            To
          </th>
          <th
            class="c7 c8"
          >
            Value
          </th>
        </tr>
      </thead>
      <tbody />
    </table>
  </div>
</div>
`;
