// Jest Snapshot v1, https://goo.gl/fbAQLP

exports[`CopyText renders the story 1`] = `
.c1 {
  vertical-align: middle;
}

.c0 {
  position: relative;
  cursor: pointer;
}

.c0 svg {
  -webkit-transition: -webkit-transform 0.1s ease-out;
  -webkit-transition: transform 0.1s ease-out;
  transition: transform 0.1s ease-out;
}

.c0 .copy-text {
  position: absolute;
  top: calc(50% - 0.2em);
  left: calc(100%);
  padding-left: 0.5em;
  color: var(--purple-medium);
  opacity: 0;
  -webkit-transform: translateY(-50%);
  -ms-transform: translateY(-50%);
  transform: translateY(-50%);
  -webkit-transition: opacity 0.2s ease-in;
  transition: opacity 0.2s ease-in;
  pointer-events: none;
}

.c0:hover svg {
  -webkit-transform: scale(1.25);
  -ms-transform: scale(1.25);
  transform: scale(1.25);
}

.c0:hover .copy-text {
  opacity: 1;
  pointer-events: all;
}

<span
  class="c0"
  color="var(--purple-medium)"
  role="button"
>
  <svg
    class="c1"
    height="16"
    viewBox="0 0 16 16"
    width="16"
    xmlns="http://www.w3.org/2000/svg"
  >
    <rect
      fill="#1A0066"
      height="12"
      width="12"
      x="4"
      y="0"
    />
    <rect
      fill="#E0D7FE"
      height="12"
      width="12"
      x="0"
      y="4"
    />
  </svg>
  <span
    class="copy-text"
  >
    Copy
  </span>
</span>
`;
