// Jest Snapshot v1, https://goo.gl/fbAQLP

exports[`Tooltip storybook example renders 1`] = `
.c1 {
  padding: 1.5em;
  border-radius: 8px;
  overflow: hidden;
  text-align: center;
  word-break: break-word;
}

.c1 > *:first-child {
  margin-top: 0;
}

.c1 > *:last-child {
  margin-bottom: 0;
}

.c1 > svg:first-child {
  display: block;
  margin: 0 auto 1em;
}

.c1 > h2:first-child {
  margin: 0;
}

.c1 header:first-child {
  margin: -1.5em -1.5em 1.5em -1.5em;
  padding: 1.5em;
  background-color: var(--purple-medium);
  color: var(--white);
}

.c2 {
  background-color: var(--white);
  box-shadow: 0 0 0.5em var(--gray-light);
}

.c0 {
  position: relative;
}

.c0 .icon {
  cursor: pointer;
  display: inline-block;
  width: 1.5em;
  height: 1.5em;
  line-height: 1.5em;
  text-align: center;
  border: 1px solid var(--black);
  border-radius: 50%;
  -webkit-transition: color 0.1s ease-out,border-color 0.1s ease-out;
  transition: color 0.1s ease-out,border-color 0.1s ease-out;
}

.c0 .content {
  z-index: 1;
  position: absolute;
  top: calc(100% + 0.5em);
  left: 50%;
  width: -webkit-max-content;
  width: -moz-max-content;
  width: max-content;
  max-width: 20em;
  -webkit-transform: translateX(-50%);
  -ms-transform: translateX(-50%);
  transform: translateX(-50%);
  padding: 0.75em 1em;
  opacity: 0;
  -webkit-transition: opacity 0.2s ease-in;
  transition: opacity 0.2s ease-in;
  pointer-events: none;
}

.c0:hover .icon {
  color: var(--purple-medium);
  border-color: var(--purple-medium);
}

.c0:hover .content {
  opacity: 1;
}

<span
  class="c0"
>
  <span
    class="icon"
  >
    ?
  </span>
  <div
    class="c1 c2 content"
  >
    Lorem ipsum dolor sit amet, consectetur adipiscing elit. Integer nec est ultrices, posuere lorem a, convallis quam. Etiam venenatis velit.
  </div>
</span>
`;
