// Jest Snapshot v1, https://goo.gl/fbAQLP

exports[`Receive it renders correctly 1`] = `
.c0 h4 {
  margin: 0;
  color: var(--gray-dark);
}

.c0 p {
  margin: 0;
  line-height: 1.5;
}

.c2 {
  min-width: 0;
  box-sizing: border-box;
  color: var(--purple-medium);
  display: -webkit-box;
  display: -webkit-flex;
  display: -ms-flexbox;
  display: flex;
  -webkit-align-items: center;
  -webkit-box-align: center;
  -ms-flex-align: center;
  align-items: center;
}

.c5 {
  width: 24;
  height: 24;
}

.c4 {
  height: auto;
  cursor: pointer;
  opacity: 1;
  display: -webkit-box;
  display: -webkit-flex;
  display: -ms-flexbox;
  display: flex;
  -webkit-flex-direction: row;
  -ms-flex-direction: row;
  flex-direction: row;
  -webkit-align-items: center;
  -webkit-box-align: center;
  -ms-flex-align: center;
  align-items: center;
  -webkit-box-pack: center;
  -webkit-justify-content: center;
  -ms-flex-pack: center;
  justify-content: center;
  border: 0;
  background: transparent;
  padding: 0;
  outline: none;
}

.c7 {
  -webkit-transition: 0.24s ease-in-out;
  transition: 0.24s ease-in-out;
}

.c3:hover .c6 {
  -webkit-transform: scale(1.25);
  -ms-transform: scale(1.25);
  transform: scale(1.25);
}

.c1 {
  display: -webkit-box;
  display: -webkit-flex;
  display: -ms-flexbox;
  display: flex;
  grid-gap: 0.25em;
  line-height: 1.5;
}

.c1 > a {
  color: var(--purple-medium);
  -webkit-text-decoration: none;
  text-decoration: none;
}

.c1 > a:hover {
  color: var(--purple-medium);
  -webkit-text-decoration: underline;
  text-decoration: underline;
}

.c1 > a svg {
  -webkit-transition: 0.24s ease-in-out;
  transition: 0.24s ease-in-out;
  vertical-align: middle;
}

.c1 > a svg:hover {
  -webkit-transform: scale(1.25);
  -ms-transform: scale(1.25);
  transform: scale(1.25);
  fill: var(--purple-medium);
}

<div
  class="c0"
>
  <h4>
    Safe Address
  </h4>
  <div
    class="c1"
    color="var(--purple-medium)"
  >
    <a
      href="https://explorer.glif.io/actor/?address=t137sjdbgunloi7couiy4l5nc7pd6k2jmq32vizpy"
      rel="noreferrer noopener"
      target="_blank"
    >
      t137sj ... 2vizpy
    </a>
    <div
      class="c2"
      color="var(--purple-medium)"
      display="flex"
    >
      <button
        class="c3 c4"
        display="flex"
        role="button"
        type="button"
      >
        <svg
          class="c5 c6 c7"
          fill="none"
          height="24"
          viewBox="0 0 24 24"
          width="24"
          xmlns="http://www.w3.org/2000/svg"
        >
          <rect
            fill="#1A0066"
            height="12"
            width="12"
            x="8"
            y="4"
          />
          <rect
            fill="#E0D7FE"
            height="12"
            width="12"
            x="4"
            y="8"
          />
        </svg>
      </button>
    </div>
  </div>
</div>
`;
