// Jest Snapshot v1, https://goo.gl/fbAQLP

exports[`LoaderGlyph renders the story 1`] = `
.c0 {
  display: inline-block;
  height: 48px;
  width: 48px;
  text-align: left;
  background-color: var(--purple-medium);
}

.c1 {
  display: inline-block;
  height: 24px;
  width: 24px;
  background-color: var(--purple-dark);
  -webkit-animation-name: bvGDKI;
  animation-name: bvGDKI;
  -webkit-animation-duration: 2s;
  animation-duration: 2s;
  -webkit-animation-iteration-count: infinite;
  animation-iteration-count: infinite;
}

<span
  class="c0"
>
  <span
    class="c1"
  />
</span>
`;
