// Jest Snapshot v1, https://goo.gl/fbAQLP

exports[`DisplayWord renders the story 1`] = `
.c0 {
  display: -webkit-box;
  display: -webkit-flex;
  display: -ms-flexbox;
  display: flex;
  gap: 0.5em;
  font-size: 1.125em;
  text-align: center;
  line-height: 2em;
}

.c0 .num {
  width: 1.5em;
  -webkit-flex: 0 0 auto;
  -ms-flex: 0 0 auto;
  flex: 0 0 auto;
}

.c0 .word {
  -webkit-flex: 1 0 auto;
  -ms-flex: 1 0 auto;
  flex: 1 0 auto;
}

.c1 {
  display: block;
  padding: 0 1em;
  border-radius: 1em;
  color: var(--white);
  background-color: var(--purple-medium);
}

<span
  class="c0"
>
  <span
    class="num"
  >
    12
  </span>
  <span
    class="word"
  >
    <span
      class="c1"
    >
      hello world
    </span>
  </span>
</span>
`;
