// Jest Snapshot v1, https://goo.gl/fbAQLP

exports[`Stepper renders the story 1`] = `
.c0 {
  display: -webkit-box;
  display: -webkit-flex;
  display: -ms-flexbox;
  display: flex;
  -webkit-align-items: center;
  -webkit-box-align: center;
  -ms-flex-align: center;
  align-items: center;
  -webkit-box-pack: right;
  -webkit-justify-content: right;
  -ms-flex-pack: right;
  justify-content: right;
  gap: 1em;
}

.c0 .dots {
  display: -webkit-box;
  display: -webkit-flex;
  display: -ms-flexbox;
  display: flex;
  gap: 0.25em;
}

.c0 .dots div {
  width: 0.5em;
  height: 0.5em;
  border-radius: 50%;
  background-color: var(--gray-light);
}

.c0 .dots div.active {
  background-color: var(--green-medium);
}

<div
  class="c0"
>
  <span>
    Step 
    2
  </span>
  <div
    class="dots"
  >
    <div
      class="active"
    />
    <div
      class="active"
    />
    <div
      class=""
    />
    <div
      class=""
    />
    <div
      class=""
    />
  </div>
</div>
`;
