// Jest Snapshot v1, https://goo.gl/fbAQLP

exports[`Box renders the story 1`] = `
.c2 {
  min-width: 0;
  box-sizing: border-box;
  border-color: #1AD08F;
  border-radius: 100px;
  border: 0;
  background-color: #1AD08F;
  color: darkgreen;
  display: -webkit-box;
  display: -webkit-flex;
  display: -ms-flexbox;
  display: flex;
  width: 100%;
  height: 32px;
  -webkit-align-items: center;
  -webkit-box-align: center;
  -ms-flex-align: center;
  align-items: center;
  -webkit-box-pack: center;
  -webkit-justify-content: center;
  -ms-flex-pack: center;
  justify-content: center;
  text-align: center;
  font-size: 1.25rem;
}

.c0 {
  display: -webkit-box;
  display: -webkit-flex;
  display: -ms-flexbox;
  display: flex;
  -webkit-align-items: center;
  -webkit-box-align: center;
  -ms-flex-align: center;
  align-items: center;
  gap: 10px;
  -webkit-flex: 1 0 10em;
  -ms-flex: 1 0 10em;
  flex: 1 0 10em;
}

.c1 {
  width: 1.5em;
  height: 1.5em;
  font-size: 1.125em;
  text-align: center;
  line-height: 1.5em;
}

.c3 {
  line-height: 2;
}

<div
  class="c0"
>
  <div
    class="c1"
  >
    12
  </div>
  <div
    class="c2 c3"
    color="darkgreen"
    display="flex"
    font-size="3"
    height="5"
    width="100%"
  >
    hello world
  </div>
</div>
`;
