// Jest Snapshot v1, https://goo.gl/fbAQLP

exports[`LoadingIcon renders correctly 1`] = `
.c0 {
  position: relative;
  display: inline-block;
  background-color: var(--purple-medium);
  width: 3em;
  height: 3em;
  margin: 0;
}

.c0:after {
  position: absolute;
  display: block;
  content: '';
  top: 0;
  left: 0;
  background-color: var(--purple-dark);
  -webkit-animation-name: gxoozo;
  animation-name: gxoozo;
  -webkit-animation-duration: 2s;
  animation-duration: 2s;
  -webkit-animation-iteration-count: infinite;
  animation-iteration-count: infinite;
  width: calc(3em * 0.5);
  height: calc(3em * 0.5);
}

<span
  class="c0"
/>
`;
